I'm sorry, but errors were detected in your script. Please correct the
errors listed below, and try again.


File "game/chapter2-theGamePlan.rpy", line 433: could not parse statement.
    play music Early easein 1.0
                     ^

Ren'Py Version: Ren'Py 7.3.5.606
Sat Dec  5 21:04:44 2020
